============================= test session starts =============================
platform win32 -- Python 3.9.13, pytest-8.3.5, pluggy-1.5.0 -- C:\Users\pride\Desktop\python\django_sprint4-main\.venv\Scripts\python.exe
django: version: 4.2.20, settings: blogicum.settings (from ini)
rootdir: C:\Users\pride\Desktop\python\django_sprint4-main
configfile: pytest.ini
testpaths: tests/
plugins: Faker-12.0.1, django-4.10.0
collecting ... collected 25 items

pytest : Creating test database for alias 'default' ('file:memorydb_default?mode=memory&cache=shared')...
строка:1 знак:1
+ pytest -s -v > test_log.txt 2>&1
+ ~~~~~~~~~~~~~~~~~~~~~~~~~~~~~~~~
    + CategoryInfo          : NotSpecified: (Creating test d...che=shared')...:String) [], RemoteException
    + FullyQualifiedErrorId : NativeCommandError
 


tests/test_content.py::TestContent::test_unpublished Operations to perform:
  Synchronize unmigrated apps: django_bootstrap5, messages, staticfiles
  Apply all migrations: admin, auth, blog, contenttypes, sessions
Running pre-migrate handlers for application admin
Running pre-migrate handlers for application auth
Running pre-migrate handlers for application contenttypes
Running pre-migrate handlers for application sessions
Running pre-migrate handlers for application blog
Running pre-migrate handlers for application users
Synchronizing apps without migrations:
  Creating tables...
    Running deferred SQL...
Running migrations:
  Applying contenttypes.0001_initial... OK (0.000s)
  Applying auth.0001_initial... OK (0.015s)
  Applying admin.0001_initial... OK (0.000s)
  Applying admin.0002_logentry_remove_auto_add... OK (0.016s)
  Applying admin.0003_logentry_add_action_flag_choices... OK (0.000s)
  Applying contenttypes.0002_remove_content_type_name... OK (0.016s)
  Applying auth.0002_alter_permission_name_max_length... OK (0.000s)
  Applying auth.0003_alter_user_email_max_length... OK (0.015s)
  Applying auth.0004_alter_user_username_opts... OK (0.000s)
  Applying auth.0005_alter_user_last_login_null... OK (0.016s)
  Applying auth.0006_require_contenttypes_0002... OK (0.000s)
  Applying auth.0007_alter_validators_add_error_messages... OK (0.016s)
  Applying auth.0008_alter_user_username_max_length... OK (0.000s)
  Applying auth.0009_alter_user_last_name_max_length... OK (0.015s)
  Applying auth.0010_alter_group_name_max_length... OK (0.000s)
  Applying auth.0011_update_proxy_permissions... OK (0.016s)
  Applying auth.0012_alter_user_first_name_max_length... OK (0.000s)
  Applying blog.0001_initial... OK (0.015s)
  Applying sessions.0001_initial... OK (0.000s)
Running post-migrate handlers for application admin
Adding content type 'admin | logentry'
Adding permission 'Permission object (1)'
Adding permission 'Permission object (2)'
Adding permission 'Permission object (3)'
Adding permission 'Permission object (4)'
Running post-migrate handlers for application auth
Adding content type 'auth | permission'
Adding content type 'auth | group'
Adding content type 'auth | user'
Adding permission 'Permission object (5)'
Adding permission 'Permission object (6)'
Adding permission 'Permission object (7)'
Adding permission 'Permission object (8)'
Adding permission 'Permission object (9)'
Adding permission 'Permission object (10)'
Adding permission 'Permission object (11)'
Adding permission 'Permission object (12)'
Adding permission 'Permission object (13)'
Adding permission 'Permission object (14)'
Adding permission 'Permission object (15)'
Adding permission 'Permission object (16)'
Running post-migrate handlers for application contenttypes
Adding content type 'contenttypes | contenttype'
Adding permission 'Permission object (17)'
Adding permission 'Permission object (18)'
Adding permission 'Permission object (19)'
Adding permission 'Permission object (20)'
Running post-migrate handlers for application sessions
Adding content type 'sessions | session'
Adding permission 'Permission object (21)'
Adding permission 'Permission object (22)'
Adding permission 'Permission object (23)'
Adding permission 'Permission object (24)'
Running post-migrate handlers for application blog
Adding content type 'blog | category'
Adding content type 'blog | location'
Adding content type 'blog | post'
Adding content type 'blog | comment'
Adding permission 'Permission object (25)'
Adding permission 'Permission object (26)'
Adding permission 'Permission object (27)'
Adding permission 'Permission object (28)'
Adding permission 'Permission object (29)'
Adding permission 'Permission object (30)'
Adding permission 'Permission object (31)'
Adding permission 'Permission object (32)'
Adding permission 'Permission object (33)'
Adding permission 'Permission object (34)'
Adding permission 'Permission object (35)'
Adding permission 'Permission object (36)'
Adding permission 'Permission object (37)'
Adding permission 'Permission object (38)'
Adding permission 'Permission object (39)'
Adding permission 'Permission object (40)'
Running post-migrate handlers for application users
FAILED
tests/test_content.py::TestContent::test_only_own_pubs_in_category PASSED
tests/test_content.py::TestContent::test_only_own_pubs_in_profile FAILED
tests/test_content.py::TestContent::test_unpublished_category FAILED
tests/test_content.py::TestContent::test_future_posts FAILED
tests/test_content.py::TestContent::test_pagination FAILED
tests/test_content.py::TestContent::test_image_visible FAILED
tests/test_err_pages.py::test_custom_err_handlers PASSED
tests/test_users.py::test_custom_err_handlers PASSED
tests/test_users.py::test_profile FAILED
tests/test_comment.py::test_comment_created_at PASSED
tests/test_comment.py::test_comment FAILED
tests/test_comment.py::test_404_on_comment_deleted_post PASSED
tests/test_post.py::test_post_created_at PASSED
tests/test_post.py::test_post FAILED
tests/test_comment.py::TestCommentModelAttrs::test_model_attrs[`post` field] <- tests\conftest.py PASSED
tests/test_comment.py::TestCommentModelAttrs::test_model_attrs[`author` field] <- tests\conftest.py PASSED
tests/test_comment.py::TestCommentModelAttrs::test_model_attrs[`text` field] <- tests\conftest.py PASSED
tests/test_comment.py::TestCommentModelAttrs::test_model_attrs[`created_at` field] <- tests\conftest.py PASSED
tests/test_emails.py::test_gitignore PASSED
tests/test_emails.py::test_email_backend_settings PASSED
tests/test_err_pages.py::test_csrf_failure_view PASSED
tests/test_post.py::TestPostModelAttrs::test_model_attrs[`image` field] <- tests\conftest.py PASSED
tests/test_post.py::TestPostModelAttrs::test_model_attrs[`pub_date` field] <- tests\conftest.py PASSED
Destroying test database for alias 'default' ('file:memorydb_default?mode=memory&cache=shared')...

tests/test_static_pages.py::test_static_pages_as_cbv PASSED

================================== FAILURES ===================================
________________________ TestContent.test_unpublished _________________________

self = <test_content.ProfilePostContentTester object at 0x000002227622D6D0>
client = <django.test.client.Client object at 0x00000222761C07C0>
url = '/profile/ugregory/', assert_status_in = (200,)
assert_cbk = 'raise_assert_page_loads_cbk'

    def _testget(
        self,
        client,
        url: Optional[str] = None,
        assert_status_in: Tuple[int] = (200,),
        assert_cbk: Union[
            Callable[[], None], str
        ] = "raise_assert_page_loads_cbk",
    ) -> HttpResponse:
        url = url or self.page_url.url
        try:
>           response = client.get(url)

tests\test_content.py:98: 
_ _ _ _ _ _ _ _ _ _ _ _ _ _ _ _ _ _ _ _ _ _ _ _ _ _ _ _ _ _ _ _ _ _ _ _ _ _ _ _
.venv\lib\site-packages\django\test\client.py:927: in get
    response = super().get(path, data=data, secure=secure, headers=headers, **extra)
.venv\lib\site-packages\django\test\client.py:457: in get
    return self.generic(
.venv\lib\site-packages\django\test\client.py:609: in generic
    return self.request(**r)
.venv\lib\site-packages\django\test\client.py:891: in request
    self.check_exception(response)
.venv\lib\site-packages\django\test\client.py:738: in check_exception
    raise exc_value
.venv\lib\site-packages\django\core\handlers\exception.py:55: in inner
    response = get_response(request)
.venv\lib\site-packages\django\core\handlers\base.py:197: in _get_response
    response = wrapped_callback(request, *callback_args, **callback_kwargs)
.venv\lib\site-packages\django\views\generic\base.py:104: in view
    return self.dispatch(request, *args, **kwargs)
.venv\lib\site-packages\django\views\generic\base.py:143: in dispatch
    return handler(request, *args, **kwargs)
.venv\lib\site-packages\django\views\generic\detail.py:109: in get
    context = self.get_context_data(object=self.object)
blogicum\blog\views.py:205: in get_context_data
    print(f"\U0001f525 DEBUG: user = {user} (type={type(user)})")
.venv\lib\site-packages\colorama\ansitowin32.py:47: in write
    self.__convertor.write(text)
.venv\lib\site-packages\colorama\ansitowin32.py:177: in write
    self.write_and_convert(text)
.venv\lib\site-packages\colorama\ansitowin32.py:205: in write_and_convert
    self.write_plain_text(text, cursor, len(text))
.venv\lib\site-packages\colorama\ansitowin32.py:210: in write_plain_text
    self.wrapped.write(text[start:end])
_ _ _ _ _ _ _ _ _ _ _ _ _ _ _ _ _ _ _ _ _ _ _ _ _ _ _ _ _ _ _ _ _ _ _ _ _ _ _ _

self = <encodings.cp1251.IncrementalEncoder object at 0x0000022271632F10>
input = "\U0001f525 DEBUG: user = ugregory (type=<class 'django.contrib.auth.models.User'>)"
final = False

    def encode(self, input, final=False):
>       return codecs.charmap_encode(input,self.errors,encoding_table)[0]
E       UnicodeEncodeError: 'charmap' codec can't encode character '\U0001f525' in position 0: character maps to <undefined>

..\..\..\AppData\Local\Programs\Python\Python39\lib\encodings\cp1251.py:19: UnicodeEncodeError

During handling of the above exception, another exception occurred:

self = <test_content.TestContent object at 0x0000022275FCF3D0>
unpublished_posts_with_published_locations = [<Post: Post object (1)>, <Post: Post object (2)>, <Post: Post object (3)>]

    def test_unpublished(self, unpublished_posts_with_published_locations):
>       profile_response = self.profile_tester.user_client_testget()

tests\test_content.py:340: 
_ _ _ _ _ _ _ _ _ _ _ _ _ _ _ _ _ _ _ _ _ _ _ _ _ _ _ _ _ _ _ _ _ _ _ _ _ _ _ _
tests\test_content.py:71: in user_client_testget
    return self._testget(
tests\test_content.py:105: in _testget
    getattr(self, assert_cbk)()
_ _ _ _ _ _ _ _ _ _ _ _ _ _ _ _ _ _ _ _ _ _ _ _ _ _ _ _ _ _ _ _ _ _ _ _ _ _ _ _

self = <test_content.ProfilePostContentTester object at 0x000002227622D6D0>

    def raise_assert_page_loads_cbk(self):
>       raise AssertionError(
            "╙схфшЄхё№, ўЄю ёЄЁрэшЎр яюы№чютрЄхы  чруЁєцрхЄё  схч ю°шсюъ."
        )
E       AssertionError: ╙схфшЄхё№, ўЄю ёЄЁрэшЎр яюы№чютрЄхы  чруЁєцрхЄё  схч ю°шсюъ.

tests\test_content.py:202: AssertionError
__________________ TestContent.test_only_own_pubs_in_profile __________________

self = <test_content.ProfilePostContentTester object at 0x000002227679ED30>
client = <django.test.client.Client object at 0x000002227679E910>
url = '/profile/calderonjennifer/', assert_status_in = (200,)
assert_cbk = 'raise_assert_page_loads_cbk'

    def _testget(
        self,
        client,
        url: Optional[str] = None,
        assert_status_in: Tuple[int] = (200,),
        assert_cbk: Union[
            Callable[[], None], str
        ] = "raise_assert_page_loads_cbk",
    ) -> HttpResponse:
        url = url or self.page_url.url
        try:
>           response = client.get(url)

tests\test_content.py:98: 
_ _ _ _ _ _ _ _ _ _ _ _ _ _ _ _ _ _ _ _ _ _ _ _ _ _ _ _ _ _ _ _ _ _ _ _ _ _ _ _
.venv\lib\site-packages\django\test\client.py:927: in get
    response = super().get(path, data=data, secure=secure, headers=headers, **extra)
.venv\lib\site-packages\django\test\client.py:457: in get
    return self.generic(
.venv\lib\site-packages\django\test\client.py:609: in generic
    return self.request(**r)
.venv\lib\site-packages\django\test\client.py:891: in request
    self.check_exception(response)
.venv\lib\site-packages\django\test\client.py:738: in check_exception
    raise exc_value
.venv\lib\site-packages\django\core\handlers\exception.py:55: in inner
    response = get_response(request)
.venv\lib\site-packages\django\core\handlers\base.py:197: in _get_response
    response = wrapped_callback(request, *callback_args, **callback_kwargs)
.venv\lib\site-packages\django\views\generic\base.py:104: in view
    return self.dispatch(request, *args, **kwargs)
.venv\lib\site-packages\django\views\generic\base.py:143: in dispatch
    return handler(request, *args, **kwargs)
.venv\lib\site-packages\django\views\generic\detail.py:109: in get
    context = self.get_context_data(object=self.object)
blogicum\blog\views.py:205: in get_context_data
    print(f"\U0001f525 DEBUG: user = {user} (type={type(user)})")
.venv\lib\site-packages\colorama\ansitowin32.py:47: in write
    self.__convertor.write(text)
.venv\lib\site-packages\colorama\ansitowin32.py:177: in write
    self.write_and_convert(text)
.venv\lib\site-packages\colorama\ansitowin32.py:205: in write_and_convert
    self.write_plain_text(text, cursor, len(text))
.venv\lib\site-packages\colorama\ansitowin32.py:210: in write_plain_text
    self.wrapped.write(text[start:end])
_ _ _ _ _ _ _ _ _ _ _ _ _ _ _ _ _ _ _ _ _ _ _ _ _ _ _ _ _ _ _ _ _ _ _ _ _ _ _ _

self = <encodings.cp1251.IncrementalEncoder object at 0x0000022271632F10>
input = "\U0001f525 DEBUG: user = calderonjennifer (type=<class 'django.contrib.auth.models.User'>)"
final = False

    def encode(self, input, final=False):
>       return codecs.charmap_encode(input,self.errors,encoding_table)[0]
E       UnicodeEncodeError: 'charmap' codec can't encode character '\U0001f525' in position 0: character maps to <undefined>

..\..\..\AppData\Local\Programs\Python\Python39\lib\encodings\cp1251.py:19: UnicodeEncodeError

During handling of the above exception, another exception occurred:

self = <test_content.TestContent object at 0x0000022275FC03A0>
user_client = <django.test.client.Client object at 0x000002227679E910>
post_with_published_location = <Post: Post object (1)>
post_of_another_author = <Post: Post object (2)>

    def test_only_own_pubs_in_profile(
            self, user_client, post_with_published_location,
            post_of_another_author
    ):
>       response = self.profile_tester.user_client_testget()

tests\test_content.py:396: 
_ _ _ _ _ _ _ _ _ _ _ _ _ _ _ _ _ _ _ _ _ _ _ _ _ _ _ _ _ _ _ _ _ _ _ _ _ _ _ _
tests\test_content.py:71: in user_client_testget
    return self._testget(
tests\test_content.py:105: in _testget
    getattr(self, assert_cbk)()
_ _ _ _ _ _ _ _ _ _ _ _ _ _ _ _ _ _ _ _ _ _ _ _ _ _ _ _ _ _ _ _ _ _ _ _ _ _ _ _

self = <test_content.ProfilePostContentTester object at 0x000002227679ED30>

    def raise_assert_page_loads_cbk(self):
>       raise AssertionError(
            "╙схфшЄхё№, ўЄю ёЄЁрэшЎр яюы№чютрЄхы  чруЁєцрхЄё  схч ю°шсюъ."
        )
E       AssertionError: ╙схфшЄхё№, ўЄю ёЄЁрэшЎр яюы№чютрЄхы  чруЁєцрхЄё  схч ю°шсюъ.

tests\test_content.py:202: AssertionError
____________________ TestContent.test_unpublished_category ____________________

self = <test_content.ProfilePostContentTester object at 0x0000022276863BE0>
client = <django.test.client.Client object at 0x0000022276863B50>
url = '/profile/darius65/', assert_status_in = (200,)
assert_cbk = 'raise_assert_page_loads_cbk'

    def _testget(
        self,
        client,
        url: Optional[str] = None,
        assert_status_in: Tuple[int] = (200,),
        assert_cbk: Union[
            Callable[[], None], str
        ] = "raise_assert_page_loads_cbk",
    ) -> HttpResponse:
        url = url or self.page_url.url
        try:
>           response = client.get(url)

tests\test_content.py:98: 
_ _ _ _ _ _ _ _ _ _ _ _ _ _ _ _ _ _ _ _ _ _ _ _ _ _ _ _ _ _ _ _ _ _ _ _ _ _ _ _
.venv\lib\site-packages\django\test\client.py:927: in get
    response = super().get(path, data=data, secure=secure, headers=headers, **extra)
.venv\lib\site-packages\django\test\client.py:457: in get
    return self.generic(
.venv\lib\site-packages\django\test\client.py:609: in generic
    return self.request(**r)
.venv\lib\site-packages\django\test\client.py:891: in request
    self.check_exception(response)
.venv\lib\site-packages\django\test\client.py:738: in check_exception
    raise exc_value
.venv\lib\site-packages\django\core\handlers\exception.py:55: in inner
    response = get_response(request)
.venv\lib\site-packages\django\core\handlers\base.py:197: in _get_response
    response = wrapped_callback(request, *callback_args, **callback_kwargs)
.venv\lib\site-packages\django\views\generic\base.py:104: in view
    return self.dispatch(request, *args, **kwargs)
.venv\lib\site-packages\django\views\generic\base.py:143: in dispatch
    return handler(request, *args, **kwargs)
.venv\lib\site-packages\django\views\generic\detail.py:109: in get
    context = self.get_context_data(object=self.object)
blogicum\blog\views.py:205: in get_context_data
    print(f"\U0001f525 DEBUG: user = {user} (type={type(user)})")
.venv\lib\site-packages\colorama\ansitowin32.py:47: in write
    self.__convertor.write(text)
.venv\lib\site-packages\colorama\ansitowin32.py:177: in write
    self.write_and_convert(text)
.venv\lib\site-packages\colorama\ansitowin32.py:205: in write_and_convert
    self.write_plain_text(text, cursor, len(text))
.venv\lib\site-packages\colorama\ansitowin32.py:210: in write_plain_text
    self.wrapped.write(text[start:end])
_ _ _ _ _ _ _ _ _ _ _ _ _ _ _ _ _ _ _ _ _ _ _ _ _ _ _ _ _ _ _ _ _ _ _ _ _ _ _ _

self = <encodings.cp1251.IncrementalEncoder object at 0x0000022271632F10>
input = "\U0001f525 DEBUG: user = darius65 (type=<class 'django.contrib.auth.models.User'>)"
final = False

    def encode(self, input, final=False):
>       return codecs.charmap_encode(input,self.errors,encoding_table)[0]
E       UnicodeEncodeError: 'charmap' codec can't encode character '\U0001f525' in position 0: character maps to <undefined>

..\..\..\AppData\Local\Programs\Python\Python39\lib\encodings\cp1251.py:19: UnicodeEncodeError

During handling of the above exception, another exception occurred:

self = <test_content.TestContent object at 0x0000022275FC0A00>
user_client = <django.test.client.Client object at 0x0000022276863B50>
posts_with_unpublished_category = [<Post: Post object (1)>, <Post: Post object (2)>, <Post: Post object (3)>]

    def test_unpublished_category(
        self, user_client, posts_with_unpublished_category
    ):
>       profile_response = self.profile_tester.user_client_testget()

tests\test_content.py:411: 
_ _ _ _ _ _ _ _ _ _ _ _ _ _ _ _ _ _ _ _ _ _ _ _ _ _ _ _ _ _ _ _ _ _ _ _ _ _ _ _
tests\test_content.py:71: in user_client_testget
    return self._testget(
tests\test_content.py:105: in _testget
    getattr(self, assert_cbk)()
_ _ _ _ _ _ _ _ _ _ _ _ _ _ _ _ _ _ _ _ _ _ _ _ _ _ _ _ _ _ _ _ _ _ _ _ _ _ _ _

self = <test_content.ProfilePostContentTester object at 0x0000022276863BE0>

    def raise_assert_page_loads_cbk(self):
>       raise AssertionError(
            "╙схфшЄхё№, ўЄю ёЄЁрэшЎр яюы№чютрЄхы  чруЁєцрхЄё  схч ю°шсюъ."
        )
E       AssertionError: ╙схфшЄхё№, ўЄю ёЄЁрэшЎр яюы№чютрЄхы  чруЁєцрхЄё  схч ю°шсюъ.

tests\test_content.py:202: AssertionError
________________________ TestContent.test_future_posts ________________________

self = <test_content.ProfilePostContentTester object at 0x00000222762D8460>
client = <django.test.client.Client object at 0x00000222761EFBB0>
url = '/profile/omckee/', assert_status_in = (200,)
assert_cbk = 'raise_assert_page_loads_cbk'

    def _testget(
        self,
        client,
        url: Optional[str] = None,
        assert_status_in: Tuple[int] = (200,),
        assert_cbk: Union[
            Callable[[], None], str
        ] = "raise_assert_page_loads_cbk",
    ) -> HttpResponse:
        url = url or self.page_url.url
        try:
>           response = client.get(url)

tests\test_content.py:98: 
_ _ _ _ _ _ _ _ _ _ _ _ _ _ _ _ _ _ _ _ _ _ _ _ _ _ _ _ _ _ _ _ _ _ _ _ _ _ _ _
.venv\lib\site-packages\django\test\client.py:927: in get
    response = super().get(path, data=data, secure=secure, headers=headers, **extra)
.venv\lib\site-packages\django\test\client.py:457: in get
    return self.generic(
.venv\lib\site-packages\django\test\client.py:609: in generic
    return self.request(**r)
.venv\lib\site-packages\django\test\client.py:891: in request
    self.check_exception(response)
.venv\lib\site-packages\django\test\client.py:738: in check_exception
    raise exc_value
.venv\lib\site-packages\django\core\handlers\exception.py:55: in inner
    response = get_response(request)
.venv\lib\site-packages\django\core\handlers\base.py:197: in _get_response
    response = wrapped_callback(request, *callback_args, **callback_kwargs)
.venv\lib\site-packages\django\views\generic\base.py:104: in view
    return self.dispatch(request, *args, **kwargs)
.venv\lib\site-packages\django\views\generic\base.py:143: in dispatch
    return handler(request, *args, **kwargs)
.venv\lib\site-packages\django\views\generic\detail.py:109: in get
    context = self.get_context_data(object=self.object)
blogicum\blog\views.py:205: in get_context_data
    print(f"\U0001f525 DEBUG: user = {user} (type={type(user)})")
.venv\lib\site-packages\colorama\ansitowin32.py:47: in write
    self.__convertor.write(text)
.venv\lib\site-packages\colorama\ansitowin32.py:177: in write
    self.write_and_convert(text)
.venv\lib\site-packages\colorama\ansitowin32.py:205: in write_and_convert
    self.write_plain_text(text, cursor, len(text))
.venv\lib\site-packages\colorama\ansitowin32.py:210: in write_plain_text
    self.wrapped.write(text[start:end])
_ _ _ _ _ _ _ _ _ _ _ _ _ _ _ _ _ _ _ _ _ _ _ _ _ _ _ _ _ _ _ _ _ _ _ _ _ _ _ _

self = <encodings.cp1251.IncrementalEncoder object at 0x0000022271632F10>
input = "\U0001f525 DEBUG: user = omckee (type=<class 'django.contrib.auth.models.User'>)"
final = False

    def encode(self, input, final=False):
>       return codecs.charmap_encode(input,self.errors,encoding_table)[0]
E       UnicodeEncodeError: 'charmap' codec can't encode character '\U0001f525' in position 0: character maps to <undefined>

..\..\..\AppData\Local\Programs\Python\Python39\lib\encodings\cp1251.py:19: UnicodeEncodeError

During handling of the above exception, another exception occurred:

self = <test_content.TestContent object at 0x0000022275FC20A0>
user_client = <django.test.client.Client object at 0x00000222761EFBB0>
future_posts = [<Post: Post object (1)>, <Post: Post object (2)>, <Post: Post object (3)>]

    def test_future_posts(self, user_client, future_posts):
>       profile_response = self.profile_tester.user_client_testget()

tests\test_content.py:441: 
_ _ _ _ _ _ _ _ _ _ _ _ _ _ _ _ _ _ _ _ _ _ _ _ _ _ _ _ _ _ _ _ _ _ _ _ _ _ _ _
tests\test_content.py:71: in user_client_testget
    return self._testget(
tests\test_content.py:105: in _testget
    getattr(self, assert_cbk)()
_ _ _ _ _ _ _ _ _ _ _ _ _ _ _ _ _ _ _ _ _ _ _ _ _ _ _ _ _ _ _ _ _ _ _ _ _ _ _ _

self = <test_content.ProfilePostContentTester object at 0x00000222762D8460>

    def raise_assert_page_loads_cbk(self):
>       raise AssertionError(
            "╙схфшЄхё№, ўЄю ёЄЁрэшЎр яюы№чютрЄхы  чруЁєцрхЄё  схч ю°шсюъ."
        )
E       AssertionError: ╙схфшЄхё№, ўЄю ёЄЁрэшЎр яюы№чютрЄхы  чруЁєцрхЄё  схч ю°шсюъ.

tests\test_content.py:202: AssertionError
_________________________ TestContent.test_pagination _________________________

self = <test_content.ProfilePostContentTester object at 0x00000222766A0C10>
client = <django.test.client.Client object at 0x00000222766A0970>
url = '/profile/ricardo67/', assert_status_in = (200,)
assert_cbk = 'raise_assert_page_loads_cbk'

    def _testget(
        self,
        client,
        url: Optional[str] = None,
        assert_status_in: Tuple[int] = (200,),
        assert_cbk: Union[
            Callable[[], None], str
        ] = "raise_assert_page_loads_cbk",
    ) -> HttpResponse:
        url = url or self.page_url.url
        try:
>           response = client.get(url)

tests\test_content.py:98: 
_ _ _ _ _ _ _ _ _ _ _ _ _ _ _ _ _ _ _ _ _ _ _ _ _ _ _ _ _ _ _ _ _ _ _ _ _ _ _ _
.venv\lib\site-packages\django\test\client.py:927: in get
    response = super().get(path, data=data, secure=secure, headers=headers, **extra)
.venv\lib\site-packages\django\test\client.py:457: in get
    return self.generic(
.venv\lib\site-packages\django\test\client.py:609: in generic
    return self.request(**r)
.venv\lib\site-packages\django\test\client.py:891: in request
    self.check_exception(response)
.venv\lib\site-packages\django\test\client.py:738: in check_exception
    raise exc_value
.venv\lib\site-packages\django\core\handlers\exception.py:55: in inner
    response = get_response(request)
.venv\lib\site-packages\django\core\handlers\base.py:197: in _get_response
    response = wrapped_callback(request, *callback_args, **callback_kwargs)
.venv\lib\site-packages\django\views\generic\base.py:104: in view
    return self.dispatch(request, *args, **kwargs)
.venv\lib\site-packages\django\views\generic\base.py:143: in dispatch
    return handler(request, *args, **kwargs)
.venv\lib\site-packages\django\views\generic\detail.py:109: in get
    context = self.get_context_data(object=self.object)
blogicum\blog\views.py:205: in get_context_data
    print(f"\U0001f525 DEBUG: user = {user} (type={type(user)})")
.venv\lib\site-packages\colorama\ansitowin32.py:47: in write
    self.__convertor.write(text)
.venv\lib\site-packages\colorama\ansitowin32.py:177: in write
    self.write_and_convert(text)
.venv\lib\site-packages\colorama\ansitowin32.py:205: in write_and_convert
    self.write_plain_text(text, cursor, len(text))
.venv\lib\site-packages\colorama\ansitowin32.py:210: in write_plain_text
    self.wrapped.write(text[start:end])
_ _ _ _ _ _ _ _ _ _ _ _ _ _ _ _ _ _ _ _ _ _ _ _ _ _ _ _ _ _ _ _ _ _ _ _ _ _ _ _

self = <encodings.cp1251.IncrementalEncoder object at 0x0000022271632F10>
input = "\U0001f525 DEBUG: user = ricardo67 (type=<class 'django.contrib.auth.models.User'>)"
final = False

    def encode(self, input, final=False):
>       return codecs.charmap_encode(input,self.errors,encoding_table)[0]
E       UnicodeEncodeError: 'charmap' codec can't encode character '\U0001f525' in position 0: character maps to <undefined>

..\..\..\AppData\Local\Programs\Python\Python39\lib\encodings\cp1251.py:19: UnicodeEncodeError

During handling of the above exception, another exception occurred:

self = <test_content.TestContent object at 0x0000022275FC2760>
user_client = <django.test.client.Client object at 0x00000222766A0970>
many_posts_with_published_locations = [<Post: Post object (1)>, <Post: Post object (2)>, <Post: Post object (3)>, <Post: Post object (4)>, <Post: Post object (5)>, <Post: Post object (6)>, ...]

    def test_pagination(
        self, user_client, many_posts_with_published_locations
    ):
        posts = many_posts_with_published_locations
    
        assert len(posts) > self.profile_tester.n_per_page
        assert len(posts) > self.main_tester.n_per_page
        assert len(posts) > self.category_tester.n_per_page
    
        for (
            tester,
            response_get_func,
            ordering_err_msg,
            pagination_err_msg,
        ) in (
            (
                self.profile_tester,
                self.profile_tester.user_client_testget,
                (
                    "╙схфшЄхё№, ўЄю яєсышърЎшш яхЁхфр■Єё  т ъюэЄхъёЄ ёЄЁрэшЎ√"
                    " яЁюЇшы  ртЄюЁр юЄёюЁЄшЁютрээ√ьш яю тЁхьхэш шї"
                    " яєсышърЎшш, люЄ эют√ї ъ ёЄрЁ√ь╗."
                ),
                (
                    "╙схфшЄхё№, ўЄю эр ёЄЁрэшЎх яЁюЇшы  ртЄюЁр ЁрсюЄрхЄ"
                    " ярушэрЎш ."
                ),
            ),
            (
                self.profile_tester,
                self.profile_tester.another_client_testget,
                (
                    "╙схфшЄхё№, ўЄю яєсышърЎшш яхЁхфр■Єё  т ъюэЄхъёЄ ёЄЁрэшЎ√"
                    " яЁюЇшы  ртЄюЁр юЄёюЁЄшЁютрээ√ьш яю тЁхьхэш шї"
                    " яєсышърЎшш, люЄ эют√ї ъ ёЄрЁ√ь╗."
                ),
                (
                    "╙схфшЄхё№, ўЄю эр ёЄЁрэшЎх яЁюЇшы  ртЄюЁр "
                    "ярушэрЎш  ЁрсюЄрхЄ т ёююЄтхЄёЄтшш ё чрфрэшхь ."
                ),
            ),
            (
                self.main_tester,
                self.main_tester.user_client_testget,
                (
                    "╙схфшЄхё№, ўЄю яєсышърЎшш яхЁхфр■Єё  т ъюэЄхъёЄ уыртэющ"
                    " ёЄЁрэшЎ√ юЄёюЁЄшЁютрээ√ьш яю тЁхьхэш шї яєсышърЎшш, люЄ"
                    " эют√ї ъ ёЄрЁ√ь╗."
                ),
                "╙схфшЄхё№, ўЄю эр уыртэющ ёЄЁрэшЎх "
                "ярушэрЎш  ЁрсюЄрхЄ т ёююЄтхЄёЄтшш ё чрфрэшхь .",
            ),
            (
                self.category_tester,
                self.category_tester.user_client_testget,
                (
                    "╙схфшЄхё№, ўЄю яєсышърЎшш яхЁхфр■Єё  т ъюэЄхъёЄ ёЄЁрэшЎ√"
                    " ърЄхуюЁшш юЄёюЁЄшЁютрээ√ьш яю тЁхьхэш шї яєсышърЎшш, люЄ"
                    " эют√ї ъ ёЄрЁ√ь╗."
                ),
                "╙схфшЄхё№, ўЄю эр ёЄЁрэшЎх ърЄхуюЁшш "
                "ярушэрЎш  ЁрсюЄрхЄ т ёююЄтхЄёЄтшш ё чрфрэшхь .",
            ),
        ):
>           response = response_get_func()

tests\test_content.py:539: 
_ _ _ _ _ _ _ _ _ _ _ _ _ _ _ _ _ _ _ _ _ _ _ _ _ _ _ _ _ _ _ _ _ _ _ _ _ _ _ _
tests\test_content.py:71: in user_client_testget
    return self._testget(
tests\test_content.py:105: in _testget
    getattr(self, assert_cbk)()
_ _ _ _ _ _ _ _ _ _ _ _ _ _ _ _ _ _ _ _ _ _ _ _ _ _ _ _ _ _ _ _ _ _ _ _ _ _ _ _

self = <test_content.ProfilePostContentTester object at 0x00000222766A0C10>

    def raise_assert_page_loads_cbk(self):
>       raise AssertionError(
            "╙схфшЄхё№, ўЄю ёЄЁрэшЎр яюы№чютрЄхы  чруЁєцрхЄё  схч ю°шсюъ."
        )
E       AssertionError: ╙схфшЄхё№, ўЄю ёЄЁрэшЎр яюы№чютрЄхы  чруЁєцрхЄё  схч ю°шсюъ.

tests\test_content.py:202: AssertionError
_______________________ TestContent.test_image_visible ________________________

self = <test_content.ProfilePostContentTester object at 0x00000222766AC490>
client = <django.test.client.Client object at 0x00000222766AC2B0>
url = '/profile/washingtonpreston/', assert_status_in = (200,)
assert_cbk = 'raise_assert_page_loads_cbk'

    def _testget(
        self,
        client,
        url: Optional[str] = None,
        assert_status_in: Tuple[int] = (200,),
        assert_cbk: Union[
            Callable[[], None], str
        ] = "raise_assert_page_loads_cbk",
    ) -> HttpResponse:
        url = url or self.page_url.url
        try:
>           response = client.get(url)

tests\test_content.py:98: 
_ _ _ _ _ _ _ _ _ _ _ _ _ _ _ _ _ _ _ _ _ _ _ _ _ _ _ _ _ _ _ _ _ _ _ _ _ _ _ _
.venv\lib\site-packages\django\test\client.py:927: in get
    response = super().get(path, data=data, secure=secure, headers=headers, **extra)
.venv\lib\site-packages\django\test\client.py:457: in get
    return self.generic(
.venv\lib\site-packages\django\test\client.py:609: in generic
    return self.request(**r)
.venv\lib\site-packages\django\test\client.py:891: in request
    self.check_exception(response)
.venv\lib\site-packages\django\test\client.py:738: in check_exception
    raise exc_value
.venv\lib\site-packages\django\core\handlers\exception.py:55: in inner
    response = get_response(request)
.venv\lib\site-packages\django\core\handlers\base.py:197: in _get_response
    response = wrapped_callback(request, *callback_args, **callback_kwargs)
.venv\lib\site-packages\django\views\generic\base.py:104: in view
    return self.dispatch(request, *args, **kwargs)
.venv\lib\site-packages\django\views\generic\base.py:143: in dispatch
    return handler(request, *args, **kwargs)
.venv\lib\site-packages\django\views\generic\detail.py:109: in get
    context = self.get_context_data(object=self.object)
blogicum\blog\views.py:205: in get_context_data
    print(f"\U0001f525 DEBUG: user = {user} (type={type(user)})")
.venv\lib\site-packages\colorama\ansitowin32.py:47: in write
    self.__convertor.write(text)
.venv\lib\site-packages\colorama\ansitowin32.py:177: in write
    self.write_and_convert(text)
.venv\lib\site-packages\colorama\ansitowin32.py:205: in write_and_convert
    self.write_plain_text(text, cursor, len(text))
.venv\lib\site-packages\colorama\ansitowin32.py:210: in write_plain_text
    self.wrapped.write(text[start:end])
_ _ _ _ _ _ _ _ _ _ _ _ _ _ _ _ _ _ _ _ _ _ _ _ _ _ _ _ _ _ _ _ _ _ _ _ _ _ _ _

self = <encodings.cp1251.IncrementalEncoder object at 0x0000022271632F10>
input = "\U0001f525 DEBUG: user = washingtonpreston (type=<class 'django.contrib.auth.models.User'>)"
final = False

    def encode(self, input, final=False):
>       return codecs.charmap_encode(input,self.errors,encoding_table)[0]
E       UnicodeEncodeError: 'charmap' codec can't encode character '\U0001f525' in position 0: character maps to <undefined>

..\..\..\AppData\Local\Programs\Python\Python39\lib\encodings\cp1251.py:19: UnicodeEncodeError

During handling of the above exception, another exception occurred:

self = <test_content.TestContent object at 0x0000022275FC2E20>
user_client = <django.test.client.Client object at 0x00000222766AC2B0>
post_with_published_location = <Post: Post object (1)>

    def test_image_visible(self, user_client, post_with_published_location):
        post = post_with_published_location
        post_adapter = PostModelAdapter(post)
    
        testers: List[PostContentTester] = [
            self.profile_tester,
            self.main_tester,
            self.category_tester,
        ]
        img_n_with_post_img = {}
    
        for i, tester in enumerate(testers):
            img_soup_with_post_img = BeautifulSoup(
>               tester.user_client_testget().content.decode("utf-8"),
                features="html.parser",
                parse_only=SoupStrainer("img"),
            )

tests\test_content.py:560: 
_ _ _ _ _ _ _ _ _ _ _ _ _ _ _ _ _ _ _ _ _ _ _ _ _ _ _ _ _ _ _ _ _ _ _ _ _ _ _ _
tests\test_content.py:71: in user_client_testget
    return self._testget(
tests\test_content.py:105: in _testget
    getattr(self, assert_cbk)()
_ _ _ _ _ _ _ _ _ _ _ _ _ _ _ _ _ _ _ _ _ _ _ _ _ _ _ _ _ _ _ _ _ _ _ _ _ _ _ _

self = <test_content.ProfilePostContentTester object at 0x00000222766AC490>

    def raise_assert_page_loads_cbk(self):
>       raise AssertionError(
            "╙схфшЄхё№, ўЄю ёЄЁрэшЎр яюы№чютрЄхы  чруЁєцрхЄё  схч ю°шсюъ."
        )
E       AssertionError: ╙схфшЄхё№, ўЄю ёЄЁрэшЎр яюы№чютрЄхы  чруЁєцрхЄё  схч ю°шсюъ.

tests\test_content.py:202: AssertionError
________________________________ test_profile _________________________________

user = <User: ekemp>, another_user = <User: loconnell>
user_client = <django.test.client.Client object at 0x000002227670EDC0>
another_user_client = <django.test.client.Client object at 0x000002227670E1F0>
unlogged_client = <django.test.client.Client object at 0x0000022276663370>

    @pytest.mark.django_db
    def test_profile(
            user, another_user, user_client, another_user_client, unlogged_client
    ):
        user_url = f"/profile/{user.username}/"
        printed_url = "/profile/<username>/"
    
        User = get_user_model()
        status_code_not_404_err_msg = (
            "╙схфшЄхё№, ўЄю яЁш юсЁр∙хэшш ъ ёЄЁрэшЎх эхёє∙хёЄтє■∙хую "
            "яюы№чютрЄхы  тючтЁр∙рхЄё  ёЄрЄєё 404."
        )
        try:
            response = user_client.get("/profile/this_is_unexisting_user_name/")
        except User.DoesNotExist:
            raise AssertionError(status_code_not_404_err_msg)
    
        assert response.status_code == HTTPStatus.NOT_FOUND, (
            status_code_not_404_err_msg)
    
>       user_response: HttpResponse = user_client.get(user_url)

tests\test_users.py:114: 
_ _ _ _ _ _ _ _ _ _ _ _ _ _ _ _ _ _ _ _ _ _ _ _ _ _ _ _ _ _ _ _ _ _ _ _ _ _ _ _
.venv\lib\site-packages\django\test\client.py:927: in get
    response = super().get(path, data=data, secure=secure, headers=headers, **extra)
.venv\lib\site-packages\django\test\client.py:457: in get
    return self.generic(
.venv\lib\site-packages\django\test\client.py:609: in generic
    return self.request(**r)
.venv\lib\site-packages\django\test\client.py:891: in request
    self.check_exception(response)
.venv\lib\site-packages\django\test\client.py:738: in check_exception
    raise exc_value
.venv\lib\site-packages\django\core\handlers\exception.py:55: in inner
    response = get_response(request)
.venv\lib\site-packages\django\core\handlers\base.py:197: in _get_response
    response = wrapped_callback(request, *callback_args, **callback_kwargs)
.venv\lib\site-packages\django\views\generic\base.py:104: in view
    return self.dispatch(request, *args, **kwargs)
.venv\lib\site-packages\django\views\generic\base.py:143: in dispatch
    return handler(request, *args, **kwargs)
.venv\lib\site-packages\django\views\generic\detail.py:109: in get
    context = self.get_context_data(object=self.object)
blogicum\blog\views.py:205: in get_context_data
    print(f"\U0001f525 DEBUG: user = {user} (type={type(user)})")
.venv\lib\site-packages\colorama\ansitowin32.py:47: in write
    self.__convertor.write(text)
.venv\lib\site-packages\colorama\ansitowin32.py:177: in write
    self.write_and_convert(text)
.venv\lib\site-packages\colorama\ansitowin32.py:205: in write_and_convert
    self.write_plain_text(text, cursor, len(text))
.venv\lib\site-packages\colorama\ansitowin32.py:210: in write_plain_text
    self.wrapped.write(text[start:end])
_ _ _ _ _ _ _ _ _ _ _ _ _ _ _ _ _ _ _ _ _ _ _ _ _ _ _ _ _ _ _ _ _ _ _ _ _ _ _ _

self = <encodings.cp1251.IncrementalEncoder object at 0x0000022271632F10>
input = "\U0001f525 DEBUG: user = ekemp (type=<class 'django.contrib.auth.models.User'>)"
final = False

    def encode(self, input, final=False):
>       return codecs.charmap_encode(input,self.errors,encoding_table)[0]
E       UnicodeEncodeError: 'charmap' codec can't encode character '\U0001f525' in position 0: character maps to <undefined>

..\..\..\AppData\Local\Programs\Python\Python39\lib\encodings\cp1251.py:19: UnicodeEncodeError
________________________________ test_comment _________________________________

self = <test_content.ProfilePostContentTester object at 0x0000022276132BE0>
client = <django.test.client.Client object at 0x0000022276690FD0>
url = '/profile/xmarshall/', assert_status_in = (200,)
assert_cbk = 'raise_assert_page_loads_cbk'

    def _testget(
        self,
        client,
        url: Optional[str] = None,
        assert_status_in: Tuple[int] = (200,),
        assert_cbk: Union[
            Callable[[], None], str
        ] = "raise_assert_page_loads_cbk",
    ) -> HttpResponse:
        url = url or self.page_url.url
        try:
>           response = client.get(url)

tests\test_content.py:98: 
_ _ _ _ _ _ _ _ _ _ _ _ _ _ _ _ _ _ _ _ _ _ _ _ _ _ _ _ _ _ _ _ _ _ _ _ _ _ _ _
.venv\lib\site-packages\django\test\client.py:927: in get
    response = super().get(path, data=data, secure=secure, headers=headers, **extra)
.venv\lib\site-packages\django\test\client.py:457: in get
    return self.generic(
.venv\lib\site-packages\django\test\client.py:609: in generic
    return self.request(**r)
.venv\lib\site-packages\django\test\client.py:891: in request
    self.check_exception(response)
.venv\lib\site-packages\django\test\client.py:738: in check_exception
    raise exc_value
.venv\lib\site-packages\django\core\handlers\exception.py:55: in inner
    response = get_response(request)
.venv\lib\site-packages\django\core\handlers\base.py:197: in _get_response
    response = wrapped_callback(request, *callback_args, **callback_kwargs)
.venv\lib\site-packages\django\views\generic\base.py:104: in view
    return self.dispatch(request, *args, **kwargs)
.venv\lib\site-packages\django\views\generic\base.py:143: in dispatch
    return handler(request, *args, **kwargs)
.venv\lib\site-packages\django\views\generic\detail.py:109: in get
    context = self.get_context_data(object=self.object)
blogicum\blog\views.py:205: in get_context_data
    print(f"\U0001f525 DEBUG: user = {user} (type={type(user)})")
.venv\lib\site-packages\colorama\ansitowin32.py:47: in write
    self.__convertor.write(text)
.venv\lib\site-packages\colorama\ansitowin32.py:177: in write
    self.write_and_convert(text)
.venv\lib\site-packages\colorama\ansitowin32.py:205: in write_and_convert
    self.write_plain_text(text, cursor, len(text))
.venv\lib\site-packages\colorama\ansitowin32.py:210: in write_plain_text
    self.wrapped.write(text[start:end])
_ _ _ _ _ _ _ _ _ _ _ _ _ _ _ _ _ _ _ _ _ _ _ _ _ _ _ _ _ _ _ _ _ _ _ _ _ _ _ _

self = <encodings.cp1251.IncrementalEncoder object at 0x0000022271632F10>
input = "\U0001f525 DEBUG: user = xmarshall (type=<class 'django.contrib.auth.models.User'>)"
final = False

    def encode(self, input, final=False):
>       return codecs.charmap_encode(input,self.errors,encoding_table)[0]
E       UnicodeEncodeError: 'charmap' codec can't encode character '\U0001f525' in position 0: character maps to <undefined>

..\..\..\AppData\Local\Programs\Python\Python39\lib\encodings\cp1251.py:19: UnicodeEncodeError

During handling of the above exception, another exception occurred:

user_client = <django.test.client.Client object at 0x0000022276690FD0>
another_user_client = <django.test.client.Client object at 0x00000222761FDFA0>
unlogged_client = <django.test.client.Client object at 0x00000222761FD0D0>
post_with_published_location = <Post: Post object (2)>
another_user = <User: xmarshall>
post_comment_context_form_item = KeyVal(key='form', val=<CommentForm bound=False, valid=False, fields=(text)>)
CommentModel = <class 'blog.models.Comment'>
CommentModelAdapter = <class 'adapters.comment.CommentModelAdapter.<locals>._CommentModelAdapter'>
profile_content_tester = <test_content.ProfilePostContentTester object at 0x0000022276132BE0>

    @pytest.mark.django_db(transaction=True)
    def test_comment(
            user_client: django.test.Client,
            another_user_client: django.test.Client,
            unlogged_client: django.test.Client,
            post_with_published_location: Any,
            another_user: Model,
            post_comment_context_form_item: Tuple[str, BaseForm],
            CommentModel: Type[Model],
            CommentModelAdapter: CommentModelAdapterT,
            profile_content_tester: ProfilePostContentTester
    ):
        post_with_published_location.author = another_user
        post_with_published_location.save()
        _, ctx_form = post_comment_context_form_item
        a_post_get_response = get_a_post_get_response_safely(
            user_client, post_with_published_location.id
        )
    
        # create comments
        creation_tester = CreateCommentFormTester(
            a_post_get_response,
            CommentModel,
            user_client,
            another_user_client,
            unlogged_client,
            item_adapter=None,
            ModelAdapter=CommentModelAdapter,
        )
    
        Form: Type[BaseForm] = type(ctx_form)
        forms_to_create = create_comment_creation_forms(
            creation_tester, Form, CommentModel, CommentModelAdapter)
    
        response_on_created, created_items = creation_tester.test_create_several(
            forms_to_create[1:], qs=CommentModel.objects.all()
        )
        content = response_on_created.content.decode(encoding="utf8")
        creation_tester.test_creation_response(content, created_items)
    
        comment_count_repr = f"({len(created_items)})"
    
        index_content = user_client.get("/").content.decode("utf-8")
        if comment_count_repr not in index_content:
            raise AssertionError(
                "╙схфшЄхё№, ўЄю эр уыртэющ ёЄЁрэшЎх яюф яюёЄрьш юЄюсЁрцрхЄё "
                " ъюышўхёЄтю ъюььхэЄрЁшхт. ╫шёыю ъюььхэЄрЁшхт фюыцэю с√Є№ єърчрэю"
                " т ъЁєуы√ї ёъюсърї."
            )
    
        # check comment count on profile page
        comment_adapter = CommentModelAdapter(created_items[0])
        comment_post_adapter = PostModelAdapter(comment_adapter.post)
        author_profile_url = f'/profile/{comment_post_adapter.author.username}/'
        profile_content = (
>           profile_content_tester.user_client_testget(
                url=author_profile_url).content.decode("utf-8"))

tests\test_comment.py:156: 
_ _ _ _ _ _ _ _ _ _ _ _ _ _ _ _ _ _ _ _ _ _ _ _ _ _ _ _ _ _ _ _ _ _ _ _ _ _ _ _
tests\test_content.py:71: in user_client_testget
    return self._testget(
tests\test_content.py:105: in _testget
    getattr(self, assert_cbk)()
_ _ _ _ _ _ _ _ _ _ _ _ _ _ _ _ _ _ _ _ _ _ _ _ _ _ _ _ _ _ _ _ _ _ _ _ _ _ _ _

self = <test_content.ProfilePostContentTester object at 0x0000022276132BE0>

    def raise_assert_page_loads_cbk(self):
>       raise AssertionError(
            "╙схфшЄхё№, ўЄю ёЄЁрэшЎр яюы№чютрЄхы  чруЁєцрхЄё  схч ю°шсюъ."
        )
E       AssertionError: ╙схфшЄхё№, ўЄю ёЄЁрэшЎр яюы№чютрЄхы  чруЁєцрхЄё  схч ю°шсюъ.

tests\test_content.py:202: AssertionError
__________________________________ test_post __________________________________

self = <form.post.create_form_tester.CreatePostFormTester object at 0x000002227681FDC0>
form = <PostForm bound=True, valid=True, fields=(is_published;title;text;pub_date;location;category;image)>
qs = <FilteredQuerySet [<Post: Post object (7)>, <Post: Post object (6)>]>
submitter = <form.base_form_tester.AuthorisedSubmitTester object at 0x00000222768DE2C0>
assert_created = True

    def try_create_item(
        self,
        form: BaseForm,
        qs: QuerySet,
        submitter: SubmitTester,
        assert_created: bool = True,
    ) -> Tuple[HttpResponse, Model]:
        if not form.is_valid():
            raise FormValidationException(form.errors)
        elif form.errors:
            raise FormValidationException(form.errors)
    
        items_before = set(qs.all())
    
        restored_data = restore_cleaned_data(form.cleaned_data)
        try:
>           response = submitter.test_submit(
                url=self._action, data=restored_data
            )

tests\form\base_form_tester.py:203: 
_ _ _ _ _ _ _ _ _ _ _ _ _ _ _ _ _ _ _ _ _ _ _ _ _ _ _ _ _ _ _ _ _ _ _ _ _ _ _ _
tests\form\base_form_tester.py:448: in test_submit
    response = self.client.post(url, data=data, follow=True)
.venv\lib\site-packages\django\test\client.py:948: in post
    response = super().post(
.venv\lib\site-packages\django\test\client.py:482: in post
    return self.generic(
.venv\lib\site-packages\django\test\client.py:609: in generic
    return self.request(**r)
.venv\lib\site-packages\django\test\client.py:891: in request
    self.check_exception(response)
.venv\lib\site-packages\django\test\client.py:738: in check_exception
    raise exc_value
.venv\lib\site-packages\django\core\handlers\exception.py:55: in inner
    response = get_response(request)
.venv\lib\site-packages\django\core\handlers\base.py:197: in _get_response
    response = wrapped_callback(request, *callback_args, **callback_kwargs)
.venv\lib\site-packages\django\views\generic\base.py:104: in view
    return self.dispatch(request, *args, **kwargs)
.venv\lib\site-packages\django\contrib\auth\mixins.py:73: in dispatch
    return super().dispatch(request, *args, **kwargs)
.venv\lib\site-packages\django\views\generic\base.py:143: in dispatch
    return handler(request, *args, **kwargs)
.venv\lib\site-packages\django\views\generic\edit.py:184: in post
    return super().post(request, *args, **kwargs)
.venv\lib\site-packages\django\views\generic\edit.py:153: in post
    return self.form_valid(form)
blogicum\blog\views.py:73: in form_valid
    return super().form_valid(form)
.venv\lib\site-packages\django\views\generic\edit.py:136: in form_valid
    return super().form_valid(form)
.venv\lib\site-packages\django\views\generic\edit.py:65: in form_valid
    return HttpResponseRedirect(self.get_success_url())
blogicum\blog\views.py:77: in get_success_url
    print(f"\U0001f525 DEBUG: request.user={self.request.user} (type={type(self.request.user)})")
.venv\lib\site-packages\colorama\ansitowin32.py:47: in write
    self.__convertor.write(text)
.venv\lib\site-packages\colorama\ansitowin32.py:177: in write
    self.write_and_convert(text)
.venv\lib\site-packages\colorama\ansitowin32.py:205: in write_and_convert
    self.write_plain_text(text, cursor, len(text))
.venv\lib\site-packages\colorama\ansitowin32.py:210: in write_plain_text
    self.wrapped.write(text[start:end])
_ _ _ _ _ _ _ _ _ _ _ _ _ _ _ _ _ _ _ _ _ _ _ _ _ _ _ _ _ _ _ _ _ _ _ _ _ _ _ _

self = <encodings.cp1251.IncrementalEncoder object at 0x0000022271632F10>
input = "\U0001f525 DEBUG: request.user=schmittcolin (type=<class 'django.utils.functional.SimpleLazyObject'>)"
final = False

    def encode(self, input, final=False):
>       return codecs.charmap_encode(input,self.errors,encoding_table)[0]
E       UnicodeEncodeError: 'charmap' codec can't encode character '\U0001f525' in position 0: character maps to <undefined>

..\..\..\AppData\Local\Programs\Python\Python39\lib\encodings\cp1251.py:19: UnicodeEncodeError

The above exception was the direct cause of the following exception:

self = <form.post.create_form_tester.CreatePostFormTester object at 0x000002227681FDC0>
form = <PostForm bound=True, valid=True, fields=(is_published;title;text;pub_date;location;category;image)>
qs = <FilteredQuerySet [<Post: Post object (7)>, <Post: Post object (6)>]>
submitter = <form.base_form_tester.AuthorisedSubmitTester object at 0x00000222768DE2C0>
assert_created = True

    def try_create_item(
        self,
        form: BaseForm,
        qs: QuerySet,
        submitter: SubmitTester,
        assert_created: bool = True,
    ) -> Tuple[HttpResponse, Model]:
        try:
>           return super().try_create_item(form, qs, submitter, assert_created)

tests\form\post\create_form_tester.py:77: 
_ _ _ _ _ _ _ _ _ _ _ _ _ _ _ _ _ _ _ _ _ _ _ _ _ _ _ _ _ _ _ _ _ _ _ _ _ _ _ _

self = <form.post.create_form_tester.CreatePostFormTester object at 0x000002227681FDC0>
form = <PostForm bound=True, valid=True, fields=(is_published;title;text;pub_date;location;category;image)>
qs = <FilteredQuerySet [<Post: Post object (7)>, <Post: Post object (6)>]>
submitter = <form.base_form_tester.AuthorisedSubmitTester object at 0x00000222768DE2C0>
assert_created = True

    def try_create_item(
        self,
        form: BaseForm,
        qs: QuerySet,
        submitter: SubmitTester,
        assert_created: bool = True,
    ) -> Tuple[HttpResponse, Model]:
        if not form.is_valid():
            raise FormValidationException(form.errors)
        elif form.errors:
            raise FormValidationException(form.errors)
    
        items_before = set(qs.all())
    
        restored_data = restore_cleaned_data(form.cleaned_data)
        try:
            response = submitter.test_submit(
                url=self._action, data=restored_data
            )
        except Exception as e:
>           raise FormValidationException(e) from e
E           form.base_form_tester.FormValidationException: 'charmap' codec can't encode character '\U0001f525' in position 0: character maps to <undefined>

tests\form\base_form_tester.py:207: FormValidationException

The above exception was the direct cause of the following exception:

published_category = <Category: Category object (5)>
published_location = <Location: Location object (4)>
user_client = <django.test.client.Client object at 0x00000222761F3AC0>
another_user_client = <django.test.client.Client object at 0x0000022276696400>
unlogged_client = <django.test.client.Client object at 0x0000022276696700>
comment_to_a_post = <Comment: Comment object (6)>
create_post_context_form_item = KeyVal(key='form', val=<PostForm bound=False, valid=False, fields=(is_published;title;text;pub_date;location;category;image)>)
PostModel = <class 'blog.models.Post'>
CommentModelAdapter = <class 'adapters.comment.CommentModelAdapter.<locals>._CommentModelAdapter'>
main_content_tester = <test_content.MainPostContentTester object at 0x0000022276893B80>

    @pytest.mark.django_db(transaction=True)
    def test_post(
            published_category: Model,
            published_location: Model,
            user_client: django.test.Client,
            another_user_client: django.test.Client,
            unlogged_client: django.test.Client,
            comment_to_a_post: Model,
            create_post_context_form_item: Tuple[str, BaseForm],
            PostModel: Type[Model],
            CommentModelAdapter: CommentModelAdapterT,
            main_content_tester: MainPostContentTester
    ):
        _, ctx_form = create_post_context_form_item
    
        create_a_post_get_response = get_create_a_post_get_response_safely(
            user_client
        )
    
>       response_on_created, created_items = _test_create_items(
            PostModel,
            PostModelAdapter,
            another_user_client,
            create_a_post_get_response,
            ctx_form,
            published_category,
            published_location,
            unlogged_client,
            user_client,
        )

tests\test_post.py:91: 
_ _ _ _ _ _ _ _ _ _ _ _ _ _ _ _ _ _ _ _ _ _ _ _ _ _ _ _ _ _ _ _ _ _ _ _ _ _ _ _
tests\test_post.py:308: in _test_create_items
    response_on_created, created_items = creation_tester.test_create_several(
tests\form\base_form_tester.py:294: in test_create_several
    response, created = self.test_create_item(
tests\form\base_form_tester.py:264: in test_create_item
    response, created = self.try_create_item(
_ _ _ _ _ _ _ _ _ _ _ _ _ _ _ _ _ _ _ _ _ _ _ _ _ _ _ _ _ _ _ _ _ _ _ _ _ _ _ _

self = <form.post.create_form_tester.CreatePostFormTester object at 0x000002227681FDC0>
form = <PostForm bound=True, valid=True, fields=(is_published;title;text;pub_date;location;category;image)>
qs = <FilteredQuerySet [<Post: Post object (7)>, <Post: Post object (6)>]>
submitter = <form.base_form_tester.AuthorisedSubmitTester object at 0x00000222768DE2C0>
assert_created = True

    def try_create_item(
        self,
        form: BaseForm,
        qs: QuerySet,
        submitter: SubmitTester,
        assert_created: bool = True,
    ) -> Tuple[HttpResponse, Model]:
        try:
            return super().try_create_item(form, qs, submitter, assert_created)
        except FormValidationException as e:
>           raise AssertionError(
                "╧Ёш ёючфрэшш яюёЄр тючэшърхЄ ю°шсър:\n"
                f"{type(e).__name__}: {e}"
            ) from e
E           AssertionError: ╧Ёш ёючфрэшш яюёЄр тючэшърхЄ ю°шсър:
E           FormValidationException: 'charmap' codec can't encode character '\U0001f525' in position 0: character maps to <undefined>

tests\form\post\create_form_tester.py:79: AssertionError
=================== 9 failed, 16 passed, 1 warning in 2.43s ===================
